[miraclestudio.design/html/deliciousa-html/reservation-v1.html]
[backblue.gif]
[fade.gif]
[index.html]
[miraclestudio.design/html/deliciousa-html/assets/images/favicon.ico]
[miraclestudio.design/html/deliciousa-html/assets/images/android-icon-72x72.png]
[miraclestudio.design/html/deliciousa-html/assets/images/apple-icon-144x144.png]
[miraclestudio.design/html/deliciousa-html/assets/css/bootstrap.min.css]
[miraclestudio.design/html/deliciousa-html/assets/css/owl.carousel.min.css]
[miraclestudio.design/html/deliciousa-html/assets/css/pagepilling.min.css]
[miraclestudio.design/html/deliciousa-html/assets/css/simple-scrollbar.css]
[miraclestudio.design/html/deliciousa-html/assets/css/datepicker.min.css]
[miraclestudio.design/html/deliciousa-html/assets/css/fontawesome.all.min.css]
[miraclestudio.design/html/deliciousa-html/assets/css/icomoon.css]
[miraclestudio.design/html/deliciousa-html/assets/css/style.css]
[miraclestudio.design/html/deliciousa-html/assets/js/modernizr.min.js]
[miraclestudio.design/html/deliciousa-html/index02.html]
[miraclestudio.design/html/deliciousa-html/assets/images/logo/logo.png]
[miraclestudio.design/html/deliciousa-html/assets/images/foodmenu/small/1.png]
[miraclestudio.design/html/deliciousa-html/assets/images/foodmenu/small/2.png]
[miraclestudio.design/html/deliciousa-html/assets/images/foodmenu/small/3.png]
[miraclestudio.design/html/deliciousa-html/cart.html]
[miraclestudio.design/html/deliciousa-html/checkout.html]
[miraclestudio.design/html/deliciousa-html/index.html]
[miraclestudio.design/html/deliciousa-html/index03.html]
[miraclestudio.design/html/deliciousa-html/index04.html]
[miraclestudio.design/html/deliciousa-html/index05.html]
[miraclestudio.design/html/deliciousa-html/index06.html]
[miraclestudio.design/html/deliciousa-html/index07.html]
[miraclestudio.design/html/deliciousa-html/index08.html]
[miraclestudio.design/html/deliciousa-html/index09.html]
[miraclestudio.design/html/deliciousa-html/index10.html]
[miraclestudio.design/html/deliciousa-html/index11.html]
[miraclestudio.design/html/deliciousa-html/index12.html]
[miraclestudio.design/html/deliciousa-html/index13.html]
[miraclestudio.design/html/deliciousa-html/index14.html]
[miraclestudio.design/html/deliciousa-html/index15.html]
[miraclestudio.design/html/deliciousa-html/index16.html]
[miraclestudio.design/html/deliciousa-html/index17.html]
[miraclestudio.design/html/deliciousa-html/index18.html]
[miraclestudio.design/html/deliciousa-html/index19.html]
[miraclestudio.design/html/deliciousa-html/index-slider.html]
[miraclestudio.design/html/deliciousa-html/index-video.html]
[miraclestudio.design/html/deliciousa-html/index-animate.html]
[miraclestudio.design/html/deliciousa-html/index20.html]
[miraclestudio.design/html/deliciousa-html/assets/images/bg/bg-food.jpg]
[miraclestudio.design/html/deliciousa-html/reservation-v2.html]
[miraclestudio.design/html/deliciousa-html/reservation-v3.html]
[miraclestudio.design/html/deliciousa-html/reservation-v4.html]
[miraclestudio.design/html/deliciousa-html/reservation-v5.html]
[miraclestudio.design/html/deliciousa-html/food-menu-v1.html]
[miraclestudio.design/html/deliciousa-html/food-menu-v2.html]
[miraclestudio.design/html/deliciousa-html/food-menu-v3.html]
[miraclestudio.design/html/deliciousa-html/food-menu-v4.html]
[miraclestudio.design/html/deliciousa-html/food-menu-v5.html]
[miraclestudio.design/html/deliciousa-html/food-menu-v6.html]
[miraclestudio.design/html/deliciousa-html/food-menu-v7.html]
[miraclestudio.design/html/deliciousa-html/food-menu-v8.html]
[miraclestudio.design/html/deliciousa-html/food-menu-v9.html]
[miraclestudio.design/html/deliciousa-html/food-menu-v10.html]
[miraclestudio.design/html/deliciousa-html/food-menu-v11.html]
[miraclestudio.design/html/deliciousa-html/food-menu-v12.html]
[miraclestudio.design/html/deliciousa-html/food-menu-v13.html]
[miraclestudio.design/html/deliciousa-html/food-menu-v14.html]
[miraclestudio.design/html/deliciousa-html/food-menu-v15.html]
[miraclestudio.design/html/deliciousa-html/single-food.html]
[miraclestudio.design/html/deliciousa-html/single-food-v2.html]
[miraclestudio.design/html/deliciousa-html/single-food-v3.html]
[miraclestudio.design/html/deliciousa-html/single-food-v4.html]
[miraclestudio.design/html/deliciousa-html/wishlist.html]
[miraclestudio.design/html/deliciousa-html/blog.html]
[miraclestudio.design/html/deliciousa-html/blog-grid.html]
[miraclestudio.design/html/deliciousa-html/blog-list.html]
[miraclestudio.design/html/deliciousa-html/blog-masonry.html]
[miraclestudio.design/html/deliciousa-html/blog-single.html]
[miraclestudio.design/html/deliciousa-html/event.html]
[miraclestudio.design/html/deliciousa-html/chef.html]
[miraclestudio.design/html/deliciousa-html/event-calendar.html]
[miraclestudio.design/html/deliciousa-html/event-single.html]
[miraclestudio.design/html/deliciousa-html/single-chef.html]
[miraclestudio.design/html/deliciousa-html/services.html]
[miraclestudio.design/html/deliciousa-html/gallery.html]
[miraclestudio.design/html/deliciousa-html/signin.html]
[miraclestudio.design/html/deliciousa-html/coming-soon.html]
[miraclestudio.design/html/deliciousa-html/404.html]
[miraclestudio.design/html/deliciousa-html/about_v1.html]
[miraclestudio.design/html/deliciousa-html/about_v2.html]
[miraclestudio.design/html/deliciousa-html/about_v3.html]
[miraclestudio.design/html/deliciousa-html/about_v4.html]
[miraclestudio.design/html/deliciousa-html/contact.html]
[miraclestudio.design/html/deliciousa-html/assets/images/header/header1.jpg]
[miraclestudio.design/html/deliciousa-html/assets/images/bg/reservation-bg2.jpg]
[miraclestudio.design/html/deliciousa-html/assets/images/element/element2.1.png]
[miraclestudio.design/html/deliciousa-html/assets/images/logo/footer-logo.png]
[miraclestudio.design/html/deliciousa-html/assets/js/popper.min.js]
[miraclestudio.design/html/deliciousa-html/assets/js/jquery.js]
[miraclestudio.design/html/deliciousa-html/assets/js/bootstrap.min.js]
[miraclestudio.design/html/deliciousa-html/assets/js/imagesloaded.pkgd.min.js]
[miraclestudio.design/html/deliciousa-html/assets/js/jquery.validate.min.js]
[miraclestudio.design/html/deliciousa-html/assets/js/theia-sticky-sidebar.min.js]
[miraclestudio.design/html/deliciousa-html/assets/js/ResizeSensor.min.js]
[miraclestudio.design/html/deliciousa-html/assets/js/owl.carousel.min.js]
[miraclestudio.design/html/deliciousa-html/assets/js/swiper.min.js]
[miraclestudio.design/html/deliciousa-html/assets/js/pagepilling.min.js]
[miraclestudio.design/html/deliciousa-html/assets/js/jarallax.min.js]
[miraclestudio.design/html/deliciousa-html/assets/js/masonry.pkgd.min.js]
[miraclestudio.design/html/deliciousa-html/assets/js/jquery.fitvids.js]
[miraclestudio.design/html/deliciousa-html/assets/js/jquery.magnific-popup.min.js]
[miraclestudio.design/html/deliciousa-html/assets/js/simple-scrollbar.min.js]
[miraclestudio.design/html/deliciousa-html/assets/js/scrolla.jquery.min.js]
[miraclestudio.design/html/deliciousa-html/assets/js/wan-spinner.js]
[miraclestudio.design/html/deliciousa-html/assets/js/jquery.nice-select.min.js]
[miraclestudio.design/html/deliciousa-html/assets/js/kinetic.js]
[miraclestudio.design/html/deliciousa-html/assets/js/jquery.final-countdown.min.js]
[miraclestudio.design/html/deliciousa-html/assets/js/datepicker.min.js]
[miraclestudio.design/html/deliciousa-html/reservation-v1.html]
[miraclestudio.design/html/deliciousa-html/assets/css/bootstrap.min.css]
[miraclestudio.design/html/deliciousa-html/assets/js/main.js]
[miraclestudio.design/html/deliciousa-html/assets/css/magnific-popup.css]
[miraclestudio.design/html/deliciousa-html/assets/css/owl.video.play.png]
[miraclestudio.design/html/deliciousa-html/assets/css/owl.carousel.min.css]
[miraclestudio.design/html/deliciousa-html/assets/css/pagepilling.min.css]
[miraclestudio.design/html/deliciousa-html/assets/css/simple-scrollbar.css]
[miraclestudio.design/html/deliciousa-html/assets/css/datepicker.min.css]
[miraclestudio.design/html/deliciousa-html/assets/css/swiper.min.css]
[miraclestudio.design/html/deliciousa-html/assets/webfonts/fa-brands-400.eot]
[miraclestudio.design/html/deliciousa-html/assets/webfonts/fa-brands-400d41d.eot]
[miraclestudio.design/html/deliciousa-html/assets/webfonts/fa-brands-400.ttf]
[miraclestudio.design/html/deliciousa-html/assets/webfonts/fa-regular-400.eot]
[miraclestudio.design/html/deliciousa-html/assets/webfonts/fa-brands-400.svg]
[miraclestudio.design/html/deliciousa-html/assets/webfonts/fa-regular-400d41d.eot]
[miraclestudio.design/html/deliciousa-html/assets/webfonts/fa-regular-400.woff]
[miraclestudio.design/html/deliciousa-html/assets/webfonts/fa-regular-400.ttf]
[miraclestudio.design/html/deliciousa-html/assets/webfonts/fa-solid-900.eot]
[miraclestudio.design/html/deliciousa-html/assets/webfonts/fa-regular-400.svg]
[miraclestudio.design/html/deliciousa-html/assets/webfonts/fa-solid-900d41d.eot]
[miraclestudio.design/html/deliciousa-html/assets/webfonts/fa-solid-900.woff]
[miraclestudio.design/html/deliciousa-html/assets/webfonts/fa-solid-900.ttf]
[miraclestudio.design/html/deliciousa-html/assets/css/fontawesome.all.min.css]
[miraclestudio.design/html/deliciousa-html/assets/webfonts/icomoon3dfa.eot]
[miraclestudio.design/html/deliciousa-html/assets/webfonts/fa-solid-900.svg]
[miraclestudio.design/html/deliciousa-html/assets/webfonts/icomoon3dfa.ttf]
[miraclestudio.design/html/deliciousa-html/assets/webfonts/icomoon3dfa.woff]
[miraclestudio.design/html/deliciousa-html/assets/css/icomoon.css]
[miraclestudio.design/html/deliciousa-html/assets/images/others/arrow1.png]
[miraclestudio.design/html/deliciousa-html/assets/images/others/arrow2.png]
[miraclestudio.design/html/deliciousa-html/assets/images/bg/bg-pattent-top.png]
[miraclestudio.design/html/deliciousa-html/assets/images/bg/bg-pattent-bottom.png]
[miraclestudio.design/html/deliciousa-html/assets/images/bg/food-pattent-top.png]
[miraclestudio.design/html/deliciousa-html/assets/images/bg/food-pattent-bottom.png]
[miraclestudio.design/html/deliciousa-html/assets/webfonts/icomoon3dfa.svg]
[miraclestudio.design/html/deliciousa-html/assets/images/bg/ex-pattent-top.png]
[miraclestudio.design/html/deliciousa-html/assets/images/bg/ex-pattent-bottom.png]
[miraclestudio.design/html/deliciousa-html/assets/images/bg/re-pattent-top.png]
[miraclestudio.design/html/deliciousa-html/assets/images/bg/re-pattent-bottom.png]
[miraclestudio.design/html/deliciousa-html/assets/images/others/line2.png]
[miraclestudio.design/html/deliciousa-html/assets/images/others/line3.png]
[miraclestudio.design/html/deliciousa-html/assets/images/others/line4.png]
[miraclestudio.design/html/deliciousa-html/assets/images/others/line1.png]
[miraclestudio.design/html/deliciousa-html/assets/images/others/line6.png]
[miraclestudio.design/html/deliciousa-html/assets/images/others/line5.png]
[miraclestudio.design/html/deliciousa-html/assets/images/bg/con-pattent-top.png]
[miraclestudio.design/html/deliciousa-html/assets/images/bg/con-pattent-bottom.png]
[miraclestudio.design/html/deliciousa-html/assets/css/style.css]
[miraclestudio.design/html/deliciousa-html/assets/css/color/color-two.css]
[miraclestudio.design/html/deliciousa-html/assets/images/bg/menu-bg.jpg]
[miraclestudio.design/html/deliciousa-html/assets/images/logo/logo6.png]
[miraclestudio.design/html/deliciousa-html/signup.html]
[miraclestudio.design/html/deliciousa-html/assets/images/element/element8.png]
[miraclestudio.design/html/deliciousa-html/assets/images/slider/slider3.jpg]
[miraclestudio.design/html/deliciousa-html/assets/images/slider/slider1.jpg]
[miraclestudio.design/html/deliciousa-html/assets/images/about/about5.png]
[miraclestudio.design/html/deliciousa-html/assets/images/bg/bg-pattent1.jpg]
[miraclestudio.design/html/deliciousa-html/assets/images/foodmenu/menu6/food1.jpg]
[miraclestudio.design/html/deliciousa-html/assets/images/foodmenu/menu6/food2.jpg]
[miraclestudio.design/html/deliciousa-html/assets/images/foodmenu/menu6/food3.jpg]
[miraclestudio.design/html/deliciousa-html/assets/images/foodmenu/menu6/food4.jpg]
[miraclestudio.design/html/deliciousa-html/assets/images/foodmenu/menu6/food5.jpg]
[miraclestudio.design/html/deliciousa-html/assets/images/bg/promo-bg3.jpg]
[miraclestudio.design/html/deliciousa-html/assets/images/element/element2.2.png]
[miraclestudio.design/html/deliciousa-html/assets/images/others/chefreview.png]
[miraclestudio.design/html/deliciousa-html/assets/images/blog/post/grid/1.jpg]
[miraclestudio.design/html/deliciousa-html/assets/images/blog/post/grid/2.jpg]
[miraclestudio.design/html/deliciousa-html/assets/images/widget/instagram/2/img1.jpg]
[miraclestudio.design/html/deliciousa-html/assets/images/widget/instagram/2/img2.jpg]
[miraclestudio.design/html/deliciousa-html/assets/images/widget/instagram/2/img3.jpg]
[miraclestudio.design/html/deliciousa-html/assets/images/widget/instagram/2/img4.jpg]
[miraclestudio.design/html/deliciousa-html/assets/images/widget/instagram/2/img5.jpg]
[miraclestudio.design/html/deliciousa-html/assets/images/widget/instagram/2/img6.jpg]
[miraclestudio.design/html/deliciousa-html/assets/images/widget/instagram/2/img7.jpg]
[miraclestudio.design/html/deliciousa-html/assets/images/widget/instagram/2/img8.jpg]
[miraclestudio.design/html/deliciousa-html/assets/images/logo/footer-logo2.png]
[miraclestudio.design/html/deliciousa-html/index02.html]
[miraclestudio.design/html/deliciousa-html/assets/images/shop/cart/cart1.png]
[miraclestudio.design/html/deliciousa-html/single-shop.html]
[miraclestudio.design/html/deliciousa-html/assets/images/shop/cart/cart2.png]
[miraclestudio.design/html/deliciousa-html/assets/images/shop/cart/cart3.png]
[miraclestudio.design/html/deliciousa-html/cart.html]
[miraclestudio.design/html/deliciousa-html/checkout.html]
[miraclestudio.design/html/deliciousa-html/assets/css/email-popup.css]
[miraclestudio.design/html/deliciousa-html/assets/css/color/color-one.css]
[miraclestudio.design/html/deliciousa-html/assets/images/logo/logo3.png]
[miraclestudio.design/html/deliciousa-html/assets/images/foodmenu/menu/1.jpg]
[miraclestudio.design/html/deliciousa-html/assets/images/foodmenu/menu/2.jpg]
[miraclestudio.design/html/deliciousa-html/assets/images/foodmenu/menu/3.jpg]
[miraclestudio.design/html/deliciousa-html/assets/images/foodmenu/menu/4.jpg]
[miraclestudio.design/html/deliciousa-html/assets/images/foodmenu/menu/5.jpg]
[miraclestudio.design/html/deliciousa-html/assets/images/slider/slider2.jpg]
[miraclestudio.design/html/deliciousa-html/assets/images/about/about4.jpg]
[miraclestudio.design/html/deliciousa-html/assets/images/element/papers.png]
[miraclestudio.design/html/deliciousa-html/assets/images/bg/promo-bg2.jpg]
[miraclestudio.design/html/deliciousa-html/assets/images/featured/featured7.jpg]
[miraclestudio.design/html/deliciousa-html/assets/images/featured/featured8.jpg]
[miraclestudio.design/html/deliciousa-html/assets/images/featured/featured9.jpg]
[miraclestudio.design/html/deliciousa-html/assets/images/element/element1.png]
[miraclestudio.design/html/deliciousa-html/assets/images/element/element2.png]
[miraclestudio.design/html/deliciousa-html/assets/images/element/element3.png]
[miraclestudio.design/html/deliciousa-html/assets/images/bg/food-menu-bg2.jpg]
[miraclestudio.design/html/deliciousa-html/assets/images/foodmenu/menu3/food1.jpg]
[miraclestudio.design/html/deliciousa-html/assets/images/foodmenu/menu3/food2.jpg]
[miraclestudio.design/html/deliciousa-html/assets/images/foodmenu/menu3/food3.jpg]
[miraclestudio.design/html/deliciousa-html/assets/images/foodmenu/menu3/food4.jpg]
[miraclestudio.design/html/deliciousa-html/assets/images/foodmenu/menu3/food5.jpg]
[miraclestudio.design/html/deliciousa-html/assets/images/foodmenu/menu3/food6.jpg]
[miraclestudio.design/html/deliciousa-html/assets/images/foodmenu/menu3/food7.jpg]
[miraclestudio.design/html/deliciousa-html/assets/images/foodmenu/menu3/food8.jpg]
[miraclestudio.design/html/deliciousa-html/assets/images/chef/chef1.jpg]
[miraclestudio.design/html/deliciousa-html/assets/images/chef/chef2.jpg]
[miraclestudio.design/html/deliciousa-html/assets/images/chef/chef3.jpg]
[miraclestudio.design/html/deliciousa-html/assets/images/chef/chef4.jpg]
[miraclestudio.design/html/deliciousa-html/assets/images/bg/reservation-bg1.jpg]
[miraclestudio.design/html/deliciousa-html/assets/images/bg/footer-bg1.jpg]
[miraclestudio.design/html/deliciousa-html/assets/images/widget/instagram/1/img1.jpg]
[miraclestudio.design/html/deliciousa-html/assets/images/widget/instagram/1/img2.jpg]
[miraclestudio.design/html/deliciousa-html/assets/images/widget/instagram/1/img3.jpg]
[miraclestudio.design/html/deliciousa-html/assets/images/widget/instagram/1/img4.jpg]
[miraclestudio.design/html/deliciousa-html/assets/images/widget/instagram/1/img5.jpg]
[miraclestudio.design/html/deliciousa-html/assets/images/widget/instagram/1/img6.jpg]
[miraclestudio.design/html/deliciousa-html/assets/images/widget/instagram/1/img7.jpg]
[miraclestudio.design/html/deliciousa-html/assets/images/widget/instagram/1/img8.jpg]
[miraclestudio.design/html/deliciousa-html/assets/images/logo/footer-logo1.png]
[miraclestudio.design/html/deliciousa-html/assets/images/others/subscribe.jpg]
[miraclestudio.design/html/deliciousa-html/index.html]
[miraclestudio.design/html/deliciousa-html/assets/js/email-popup.js]
[miraclestudio.design/html/deliciousa-html/assets/css/color/color-three.css]
[miraclestudio.design/html/deliciousa-html/assets/images/logo/logo7.png]
[miraclestudio.design/html/deliciousa-html/assets/images/about/about1.png]
[miraclestudio.design/html/deliciousa-html/assets/images/bg/food-menu-bg7.jpg]
[miraclestudio.design/html/deliciousa-html/assets/images/bg/promo-bg4.jpg]
[miraclestudio.design/html/deliciousa-html/assets/images/featured/featured4.jpg]
[miraclestudio.design/html/deliciousa-html/assets/images/featured/featured5.jpg]
[miraclestudio.design/html/deliciousa-html/assets/images/featured/featured6.jpg]
[miraclestudio.design/html/deliciousa-html/assets/images/widget/instagram/3/1.jpg]
[miraclestudio.design/html/deliciousa-html/assets/images/widget/instagram/3/2.jpg]
[miraclestudio.design/html/deliciousa-html/assets/images/widget/instagram/3/3.jpg]
[miraclestudio.design/html/deliciousa-html/assets/images/widget/instagram/3/4.jpg]
[miraclestudio.design/html/deliciousa-html/assets/images/widget/instagram/3/5.jpg]
[miraclestudio.design/html/deliciousa-html/assets/images/widget/instagram/3/6.jpg]
[miraclestudio.design/html/deliciousa-html/assets/images/widget/instagram/3/7.jpg]
[miraclestudio.design/html/deliciousa-html/assets/images/widget/instagram/3/8.jpg]
[miraclestudio.design/html/deliciousa-html/assets/images/logo/footer-logo3.png]
[miraclestudio.design/html/deliciousa-html/index03.html]
[miraclestudio.design/html/deliciousa-html/assets/css/color/color-four.css]
[miraclestudio.design/html/deliciousa-html/assets/images/logo/logo4.png]
[miraclestudio.design/html/deliciousa-html/assets/images/bg/hero-bg1.jpg]
[miraclestudio.design/html/deliciousa-html/assets/images/logo/banner-logo.png]
[miraclestudio.design/html/deliciousa-html/assets/images/about/about3.png]
[miraclestudio.design/html/deliciousa-html/assets/images/bg/opening-hour-bg1.jpg]
[miraclestudio.design/html/deliciousa-html/assets/images/icon/hours/sunny.png]
[miraclestudio.design/html/deliciousa-html/assets/images/icon/hours/launch.png]
[miraclestudio.design/html/deliciousa-html/assets/images/icon/hours/dinner.png]
[miraclestudio.design/html/deliciousa-html/assets/images/icon/hours/drinks.png]
[miraclestudio.design/html/deliciousa-html/assets/images/bg/bg-pattent3.jpg]
[miraclestudio.design/html/deliciousa-html/assets/images/foodmenu/menu2/1.jpg]
[miraclestudio.design/html/deliciousa-html/assets/images/foodmenu/menu2/2.jpg]
[miraclestudio.design/html/deliciousa-html/assets/images/foodmenu/menu2/3.jpg]
[miraclestudio.design/html/deliciousa-html/assets/images/foodmenu/menu2/4.jpg]
[miraclestudio.design/html/deliciousa-html/assets/images/gallery/gallery1.jpg]
[miraclestudio.design/html/deliciousa-html/assets/images/gallery/gallery2.jpg]
[miraclestudio.design/html/deliciousa-html/assets/images/gallery/gallery3.jpg]
[miraclestudio.design/html/deliciousa-html/assets/images/gallery/gallery4.jpg]
[miraclestudio.design/html/deliciousa-html/assets/images/gallery/gallery5.jpg]
[miraclestudio.design/html/deliciousa-html/assets/images/gallery/gallery6.jpg]
[miraclestudio.design/html/deliciousa-html/assets/images/gallery/gallery7.jpg]
[miraclestudio.design/html/deliciousa-html/assets/images/gallery/gallery8.jpg]
[miraclestudio.design/html/deliciousa-html/assets/images/bg/chef-bg1.png]
[miraclestudio.design/html/deliciousa-html/assets/images/element/element-footer3.png]
[miraclestudio.design/html/deliciousa-html/assets/images/element/element-footer4.png]
[miraclestudio.design/html/deliciousa-html/assets/images/element/element-footer5.png]
[miraclestudio.design/html/deliciousa-html/assets/images/logo/footer-logo16.png]
[miraclestudio.design/html/deliciousa-html/assets/images/bg/newsletter-bg4.jpg]
[miraclestudio.design/html/deliciousa-html/index04.html]
[miraclestudio.design/html/deliciousa-html/assets/js/maps5.js]
[miraclestudio.design/html/deliciousa-html/assets/css/color/color-five.css]
[miraclestudio.design/html/deliciousa-html/assets/images/logo/logo5.png]
[miraclestudio.design/html/deliciousa-html/assets/images/bg/hero-bg3.jpg]
[miraclestudio.design/html/deliciousa-html/assets/images/home/home-pizza.png]
[miraclestudio.design/html/deliciousa-html/assets/images/element/element3.1.png]
[miraclestudio.design/html/deliciousa-html/assets/images/element/element2.3.png]
[miraclestudio.design/html/deliciousa-html/assets/images/bg/bg-pattent7.jpg]
[miraclestudio.design/html/deliciousa-html/assets/images/about/about6.png]
[miraclestudio.design/html/deliciousa-html/assets/images/bg/food-menu-bg8.jpg]
[miraclestudio.design/html/deliciousa-html/assets/images/element/element5.1.png]
[miraclestudio.design/html/deliciousa-html/assets/images/element/element1.1.png]
[miraclestudio.design/html/deliciousa-html/assets/images/others/food.jpg]
[miraclestudio.design/html/deliciousa-html/assets/images/bg/promo-bg5.jpg]
[miraclestudio.design/html/deliciousa-html/assets/images/others/choose-thumb.png]
[miraclestudio.design/html/deliciousa-html/assets/images/bg/footer-bg2.jpg]
[miraclestudio.design/html/deliciousa-html/assets/images/logo/footer-logo4.png]
[miraclestudio.design/html/deliciousa-html/assets/images/widget/post/two/1.jpg]
[miraclestudio.design/html/deliciousa-html/single-post.html]
[miraclestudio.design/html/deliciousa-html/assets/images/widget/post/two/2.jpg]
[miraclestudio.design/html/deliciousa-html/assets/images/widget/instagram/4/img1.jpg]
[miraclestudio.design/html/deliciousa-html/assets/images/widget/instagram/4/img2.jpg]
[miraclestudio.design/html/deliciousa-html/assets/images/widget/instagram/4/img3.jpg]
[miraclestudio.design/html/deliciousa-html/assets/images/widget/instagram/4/img4.jpg]
[miraclestudio.design/html/deliciousa-html/assets/images/widget/instagram/4/img5.jpg]
[miraclestudio.design/html/deliciousa-html/assets/images/widget/instagram/4/img6.jpg]
[miraclestudio.design/html/deliciousa-html/assets/images/widget/instagram/4/img7.jpg]
[miraclestudio.design/html/deliciousa-html/assets/images/widget/instagram/4/img8.jpg]
[miraclestudio.design/html/deliciousa-html/index05.html]
[miraclestudio.design/html/deliciousa-html/assets/css/color/color-six.css]
[miraclestudio.design/html/deliciousa-html/assets/images/logo/logo12.png]
[miraclestudio.design/html/deliciousa-html/assets/images/slider/slider5.jpg]
[miraclestudio.design/html/deliciousa-html/assets/images/shape/shape-top2.png]
[miraclestudio.design/html/deliciousa-html/assets/images/others/about.png]
[miraclestudio.design/html/deliciousa-html/assets/images/bg/opening-hour-bg2.jpg]
[miraclestudio.design/html/deliciousa-html/assets/images/element/element9.png]
[miraclestudio.design/html/deliciousa-html/assets/images/foodmenu/menu8/food1.png]
[miraclestudio.design/html/deliciousa-html/assets/images/foodmenu/menu8/food2.png]
[miraclestudio.design/html/deliciousa-html/assets/images/foodmenu/menu8/food3.png]
[miraclestudio.design/html/deliciousa-html/assets/images/foodmenu/menu8/food4.png]
[miraclestudio.design/html/deliciousa-html/assets/images/element/element12.png]
[miraclestudio.design/html/deliciousa-html/assets/images/featured/featured1.jpg]
[miraclestudio.design/html/deliciousa-html/assets/images/featured/featured2.jpg]
[miraclestudio.design/html/deliciousa-html/assets/images/featured/featured3.jpg]
[miraclestudio.design/html/deliciousa-html/assets/images/bg/testimonail-bg3.jpg]
[miraclestudio.design/html/deliciousa-html/assets/images/bg/order-bg.jpg]
[miraclestudio.design/html/deliciousa-html/assets/images/bg/footer-bg3.jpg]
[miraclestudio.design/html/deliciousa-html/assets/images/shape/shape-top1.png]
[miraclestudio.design/html/deliciousa-html/assets/images/logo/footer-logo5.png]
[miraclestudio.design/html/deliciousa-html/index06.html]
[miraclestudio.design/html/deliciousa-html/assets/js/maps2.js]
[miraclestudio.design/html/deliciousa-html/assets/css/color/color-seven.css]
[miraclestudio.design/html/deliciousa-html/assets/images/logo/logo10.png]
[miraclestudio.design/html/deliciousa-html/assets/images/shape/shape-top4.png]
[miraclestudio.design/html/deliciousa-html/assets/images/slider/slider4.jpg]
[miraclestudio.design/html/deliciousa-html/assets/images/others/sign.png]
[miraclestudio.design/html/deliciousa-html/assets/images/others/chef2.png]
[miraclestudio.design/html/deliciousa-html/assets/images/bg/promo-bg6.jpg]
[miraclestudio.design/html/deliciousa-html/assets/images/foodmenu/menu11/food1.jpg]
[miraclestudio.design/html/deliciousa-html/assets/images/foodmenu/menu11/food2.jpg]
[miraclestudio.design/html/deliciousa-html/assets/images/foodmenu/menu11/food3.jpg]
[miraclestudio.design/html/deliciousa-html/assets/images/foodmenu/menu11/food4.jpg]
[miraclestudio.design/html/deliciousa-html/assets/images/bg/reservation-bg3.jpg]
[miraclestudio.design/html/deliciousa-html/assets/images/bg/specialfood-bg.jpg]
[miraclestudio.design/html/deliciousa-html/assets/images/bg/specialfood-left.jpg]
[miraclestudio.design/html/deliciousa-html/assets/images/logo/footer-logo6.png]
[miraclestudio.design/html/deliciousa-html/assets/images/widget/instagram/5/img1.jpg]
[miraclestudio.design/html/deliciousa-html/assets/images/widget/instagram/5/img2.jpg]
[miraclestudio.design/html/deliciousa-html/assets/images/widget/instagram/5/img3.jpg]
[miraclestudio.design/html/deliciousa-html/assets/images/widget/instagram/5/img4.jpg]
[miraclestudio.design/html/deliciousa-html/assets/images/widget/instagram/5/img5.jpg]
[miraclestudio.design/html/deliciousa-html/assets/images/widget/instagram/5/img6.jpg]
[miraclestudio.design/html/deliciousa-html/assets/images/widget/instagram/5/img7.jpg]
[miraclestudio.design/html/deliciousa-html/assets/images/widget/instagram/5/img8.jpg]
[miraclestudio.design/html/deliciousa-html/assets/images/bg/newsletter-bg2.jpg]
[miraclestudio.design/html/deliciousa-html/index07.html]
[miraclestudio.design/html/deliciousa-html/assets/css/color/color-eight.css]
[miraclestudio.design/html/deliciousa-html/assets/images/logo/logo2.png]
[miraclestudio.design/html/deliciousa-html/assets/images/bg/hero-bg4.jpg]
[miraclestudio.design/html/deliciousa-html/assets/images/home/asian-food.png]
[miraclestudio.design/html/deliciousa-html/assets/images/bg/food-bg-left.jpg]
[miraclestudio.design/html/deliciousa-html/assets/images/bg/food-bg-right.jpg]
[miraclestudio.design/html/deliciousa-html/assets/images/others/discount.png]
[miraclestudio.design/html/deliciousa-html/assets/images/logo/footer-logo10.png]
[miraclestudio.design/html/deliciousa-html/index08.html]
[miraclestudio.design/html/deliciousa-html/assets/css/color/color-nine.css]
[miraclestudio.design/html/deliciousa-html/assets/images/logo/logo13.png]
[miraclestudio.design/html/deliciousa-html/assets/images/slider/slider6.jpg]
[miraclestudio.design/html/deliciousa-html/assets/images/others/sign1.png]
[miraclestudio.design/html/deliciousa-html/assets/images/about/about3-1.jpg]
[miraclestudio.design/html/deliciousa-html/assets/images/about/about3-2.jpg]
[miraclestudio.design/html/deliciousa-html/assets/images/about/about3-3.jpg]
[miraclestudio.design/html/deliciousa-html/assets/images/bg/services-bg.jpg]
[miraclestudio.design/html/deliciousa-html/assets/images/foodmenu/product/product1.png]
[miraclestudio.design/html/deliciousa-html/assets/images/foodmenu/product/product2.png]
[miraclestudio.design/html/deliciousa-html/assets/images/foodmenu/product/product3.png]
[miraclestudio.design/html/deliciousa-html/assets/images/foodmenu/product/product4.png]
[miraclestudio.design/html/deliciousa-html/assets/images/featured/element/1.jpg]
[miraclestudio.design/html/deliciousa-html/assets/images/featured/element/f-pattent1.png]
[miraclestudio.design/html/deliciousa-html/assets/images/featured/element/f-pattent2.png]
[miraclestudio.design/html/deliciousa-html/assets/images/featured/element/2.jpg]
[miraclestudio.design/html/deliciousa-html/assets/images/featured/element/3.jpg]
[miraclestudio.design/html/deliciousa-html/assets/images/element/coffee1.png]
[miraclestudio.design/html/deliciousa-html/assets/images/element/coffee2.png]
[miraclestudio.design/html/deliciousa-html/assets/images/foodmenu/coffee/1.png]
[miraclestudio.design/html/deliciousa-html/assets/images/foodmenu/coffee/2.png]
[miraclestudio.design/html/deliciousa-html/assets/images/foodmenu/coffee/3.png]
[miraclestudio.design/html/deliciousa-html/assets/images/foodmenu/coffee/4.png]
[miraclestudio.design/html/deliciousa-html/assets/images/foodmenu/coffee/5.png]
[miraclestudio.design/html/deliciousa-html/assets/images/foodmenu/coffee/6.png]
[miraclestudio.design/html/deliciousa-html/assets/images/foodmenu/coffee/7.png]
[miraclestudio.design/html/deliciousa-html/assets/images/foodmenu/coffee/8.png]
[miraclestudio.design/html/deliciousa-html/assets/images/bg/testimonail-bg2.jpg]
[miraclestudio.design/html/deliciousa-html/assets/images/bg/footer-bg4.jpg]
[miraclestudio.design/html/deliciousa-html/assets/images/element/element-footer.png]
[miraclestudio.design/html/deliciousa-html/assets/images/logo/footer-logo7.png]
[miraclestudio.design/html/deliciousa-html/index09.html]
[miraclestudio.design/html/deliciousa-html/assets/images/logo/logo16.png]
[miraclestudio.design/html/deliciousa-html/assets/images/bg/bg-pattent2.jpg]
[miraclestudio.design/html/deliciousa-html/assets/images/home/home-chocolate.png]
[miraclestudio.design/html/deliciousa-html/assets/images/services/1.jpg]
[miraclestudio.design/html/deliciousa-html/assets/images/services/2.jpg]
[miraclestudio.design/html/deliciousa-html/assets/images/services/3.jpg]
[miraclestudio.design/html/deliciousa-html/assets/images/services/4.jpg]
[miraclestudio.design/html/deliciousa-html/assets/images/bg/about-bg.jpg]
[miraclestudio.design/html/deliciousa-html/assets/images/foodmenu/product/four/product1.png]
[miraclestudio.design/html/deliciousa-html/assets/images/foodmenu/product/four/product2.png]
[miraclestudio.design/html/deliciousa-html/assets/images/foodmenu/product/four/product3.png]
[miraclestudio.design/html/deliciousa-html/assets/images/foodmenu/product/four/product4.png]
[miraclestudio.design/html/deliciousa-html/assets/images/bg/gift-bg.jpg]
[miraclestudio.design/html/deliciousa-html/assets/images/others/gift.png]
[miraclestudio.design/html/deliciousa-html/assets/images/element/element13.png]
[miraclestudio.design/html/deliciousa-html/assets/images/event/event1.jpg]
[miraclestudio.design/html/deliciousa-html/assets/images/event/event2.jpg]
[miraclestudio.design/html/deliciousa-html/assets/images/bg/footer-bg5.jpg]
[miraclestudio.design/html/deliciousa-html/assets/images/logo/footer-logo8.png]
[miraclestudio.design/html/deliciousa-html/assets/images/icon/payment.png]
[miraclestudio.design/html/deliciousa-html/index10.html]
[miraclestudio.design/html/deliciousa-html/assets/js/maps3.js]
[miraclestudio.design/html/deliciousa-html/assets/css/color/color-eleven.css]
[miraclestudio.design/html/deliciousa-html/assets/images/bg/hero-bg2.jpg]
[miraclestudio.design/html/deliciousa-html/assets/images/logo/logo8.png]
[miraclestudio.design/html/deliciousa-html/assets/images/logo/banner-logo2.png]
[miraclestudio.design/html/deliciousa-html/assets/images/about/about7.png]
[miraclestudio.design/html/deliciousa-html/assets/images/bg/food-menu-bg3.jpg]
[miraclestudio.design/html/deliciousa-html/assets/images/element/element5.png]
[miraclestudio.design/html/deliciousa-html/assets/images/others/foodmenu-right2.png]
[miraclestudio.design/html/deliciousa-html/assets/images/bg/food-bg-left2.jpg]
[miraclestudio.design/html/deliciousa-html/assets/images/bg/testimonail-bg1.jpg]
[miraclestudio.design/html/deliciousa-html/assets/images/element/element4.1.png]
[miraclestudio.design/html/deliciousa-html/assets/images/others/res-right.png]
[miraclestudio.design/html/deliciousa-html/assets/images/bg/newsletter-bg1.jpg]
[miraclestudio.design/html/deliciousa-html/assets/images/element/element-footer2.png]
[miraclestudio.design/html/deliciousa-html/assets/images/logo/footer-logo9.png]
[miraclestudio.design/html/deliciousa-html/index11.html]
[miraclestudio.design/html/deliciousa-html/assets/css/color/color-twelve.css]
[miraclestudio.design/html/deliciousa-html/assets/images/logo/logo15.png]
[miraclestudio.design/html/deliciousa-html/assets/images/bg/hero-bg6.jpg]
[miraclestudio.design/html/deliciousa-html/assets/images/shape/shape-top6.png]
[miraclestudio.design/html/deliciousa-html/assets/images/home/home-burger.png]
[miraclestudio.design/html/deliciousa-html/assets/images/foodmenu/burger/burger1.png]
[miraclestudio.design/html/deliciousa-html/assets/images/foodmenu/burger/burger2.png]
[miraclestudio.design/html/deliciousa-html/assets/images/foodmenu/burger/burger3.png]
[miraclestudio.design/html/deliciousa-html/assets/images/bg/bg-pattent6.jpg]
[miraclestudio.design/html/deliciousa-html/assets/images/others/burger-logo.png]
[miraclestudio.design/html/deliciousa-html/assets/images/others/flying-burger.png]
[miraclestudio.design/html/deliciousa-html/assets/images/foodmenu/offer/1.png]
[miraclestudio.design/html/deliciousa-html/assets/images/foodmenu/offer/2.png]
[miraclestudio.design/html/deliciousa-html/assets/images/foodmenu/offer/3.png]
[miraclestudio.design/html/deliciousa-html/assets/images/foodmenu/offer/4.png]
[miraclestudio.design/html/deliciousa-html/assets/images/bg/app-bg.jpg]
[miraclestudio.design/html/deliciousa-html/assets/images/shape/shape-top3.png]
[miraclestudio.design/html/deliciousa-html/assets/images/others/app-btn.png]
[miraclestudio.design/html/deliciousa-html/assets/images/others/play-btn.png]
[miraclestudio.design/html/deliciousa-html/assets/images/others/app.png]
[miraclestudio.design/html/deliciousa-html/assets/images/element/element-footer6.png]
[miraclestudio.design/html/deliciousa-html/assets/images/element/element-footer7.png]
[miraclestudio.design/html/deliciousa-html/assets/images/logo/footer-logo17.png]
[miraclestudio.design/html/deliciousa-html/index12.html]
[miraclestudio.design/html/deliciousa-html/assets/images/bg/bg-pattent4.jpg]
[miraclestudio.design/html/deliciousa-html/assets/images/logo/logo11.png]
[miraclestudio.design/html/deliciousa-html/assets/images/bg/hero-bg5.jpg]
[miraclestudio.design/html/deliciousa-html/assets/images/bg/story-bg.jpg]
[miraclestudio.design/html/deliciousa-html/assets/images/bg/opentime-bg.jpg]
[miraclestudio.design/html/deliciousa-html/assets/images/foodmenu/home12/1.jpg]
[miraclestudio.design/html/deliciousa-html/assets/images/foodmenu/home12/2.jpg]
[miraclestudio.design/html/deliciousa-html/assets/images/foodmenu/home12/3.jpg]
[miraclestudio.design/html/deliciousa-html/assets/images/foodmenu/home12/4.jpg]
[miraclestudio.design/html/deliciousa-html/assets/images/bg/reservation-bg5.jpg]
[miraclestudio.design/html/deliciousa-html/assets/images/logo/footer-logo13.png]
[miraclestudio.design/html/deliciousa-html/index13.html]
[miraclestudio.design/html/deliciousa-html/assets/js/maps4.js]
[miraclestudio.design/html/deliciousa-html/assets/css/color/color-thirteen.css]
[miraclestudio.design/html/deliciousa-html/assets/images/logo/logo17.png]
[miraclestudio.design/html/deliciousa-html/assets/images/bg/hero-bg7.png]
[miraclestudio.design/html/deliciousa-html/assets/images/home/home-ice.png]
[miraclestudio.design/html/deliciousa-html/assets/images/element/element14.png]
[miraclestudio.design/html/deliciousa-html/assets/images/foodmenu/ice/1.png]
[miraclestudio.design/html/deliciousa-html/assets/images/foodmenu/ice/2.png]
[miraclestudio.design/html/deliciousa-html/assets/images/foodmenu/ice/3.png]
[miraclestudio.design/html/deliciousa-html/assets/images/bg/bg-pattent9.jpg]
[miraclestudio.design/html/deliciousa-html/assets/images/shape/shape-top5.png]
[miraclestudio.design/html/deliciousa-html/assets/images/shape/shape-bottom1.png]
[miraclestudio.design/html/deliciousa-html/assets/images/foodmenu/product/three/1.png]
[miraclestudio.design/html/deliciousa-html/assets/images/foodmenu/product/three/2.png]
[miraclestudio.design/html/deliciousa-html/assets/images/foodmenu/product/three/3.png]
[miraclestudio.design/html/deliciousa-html/assets/images/others/newsletter.png]
[miraclestudio.design/html/deliciousa-html/assets/images/element/element10.png]
[miraclestudio.design/html/deliciousa-html/assets/images/bg/bg-pattent8.jpg]
[miraclestudio.design/html/deliciousa-html/assets/images/shape/shape-top7.png]
[miraclestudio.design/html/deliciousa-html/department@deliciousa.info]
[miraclestudio.design/html/deliciousa-html/index14.html]
[miraclestudio.design/html/deliciousa-html/assets/images/logo/logo14.png]
[miraclestudio.design/html/deliciousa-html/assets/images/home/dounts.png]
[miraclestudio.design/html/deliciousa-html/assets/images/about/about8.png]
[miraclestudio.design/html/deliciousa-html/assets/images/foodmenu/product/two/product1.png]
[miraclestudio.design/html/deliciousa-html/assets/images/foodmenu/product/two/product2.png]
[miraclestudio.design/html/deliciousa-html/assets/images/foodmenu/product/two/product3.png]
[miraclestudio.design/html/deliciousa-html/assets/images/foodmenu/product/two/product4.png]
[miraclestudio.design/html/deliciousa-html/assets/images/testimonials/2.png]
[miraclestudio.design/html/deliciousa-html/assets/images/testimonials/1.png]
[miraclestudio.design/html/deliciousa-html/assets/images/testimonials/3.png]
[miraclestudio.design/html/deliciousa-html/assets/images/logo/footer-logo12.png]
[miraclestudio.design/html/deliciousa-html/index15.html]
[miraclestudio.design/html/deliciousa-html/assets/css/color/color-sixteen.css]
[miraclestudio.design/html/deliciousa-html/assets/images/logo/logo9.png]
[miraclestudio.design/html/deliciousa-html/assets/images/bg/hero-bg3.png]
[miraclestudio.design/html/deliciousa-html/assets/images/bg/experience.png]
[miraclestudio.design/html/deliciousa-html/assets/images/element/element11.png]
[miraclestudio.design/html/deliciousa-html/assets/images/others/delivery1.1.jpg]
[miraclestudio.design/html/deliciousa-html/assets/images/others/delivery1.2.jpg]
[miraclestudio.design/html/deliciousa-html/assets/images/others/delivery1.3.jpg]
[miraclestudio.design/html/deliciousa-html/index16.html]
[miraclestudio.design/html/deliciousa-html/assets/css/color/color-parallax.css]
[miraclestudio.design/html/deliciousa-html/assets/images/slider/slider12.jpg]
[miraclestudio.design/html/deliciousa-html/assets/images/logo/banner-logo3.png]
[miraclestudio.design/html/deliciousa-html/assets/images/bg/reservation-bg6.jpg]
[miraclestudio.design/html/deliciousa-html/assets/images/blog/post/grid/3.jpg]
[miraclestudio.design/html/deliciousa-html/assets/images/logo/footer-logo11.png]
[miraclestudio.design/html/deliciousa-html/assets/images/bg/newsletter-bg3.jpg]
[miraclestudio.design/html/deliciousa-html/index17.html]
[miraclestudio.design/html/deliciousa-html/assets/js/maps.js]
[miraclestudio.design/html/deliciousa-html/assets/images/slider/slider7.jpg]
[miraclestudio.design/html/deliciousa-html/assets/images/slider/slider8.jpg]
[miraclestudio.design/html/deliciousa-html/assets/images/slider/slider9.jpg]
[miraclestudio.design/html/deliciousa-html/assets/images/slider/slider10.jpg]
[miraclestudio.design/html/deliciousa-html/assets/images/slider/slider11.jpg]
[miraclestudio.design/html/deliciousa-html/index18.html]
[miraclestudio.design/html/deliciousa-html/assets/images/home/carousel/1.jpg]
[miraclestudio.design/html/deliciousa-html/assets/images/home/carousel/2.jpg]
[miraclestudio.design/html/deliciousa-html/assets/images/home/carousel/3.jpg]
[miraclestudio.design/html/deliciousa-html/assets/images/home/carousel/4.jpg]
[miraclestudio.design/html/deliciousa-html/index19.html]
[miraclestudio.design/html/deliciousa-html/index-slider.html]
[miraclestudio.design/html/deliciousa-html/assets/css/jquery.mb.YTPlayer.min.css]
[miraclestudio.design/html/deliciousa-html/index-video.html]
[miraclestudio.design/html/deliciousa-html/assets/js/jquery.mb.YTPlayer.min.js]
[miraclestudio.design/html/deliciousa-html/assets/js/mb.bgndGallery.js]
[miraclestudio.design/html/deliciousa-html/index-animate.html]
[miraclestudio.design/html/deliciousa-html/assets/js/bgZommEffect.js]
[miraclestudio.design/html/deliciousa-html/assets/css/color/color-blog.css]
[miraclestudio.design/html/deliciousa-html/assets/images/bg/header-bg1.jpg]
[miraclestudio.design/html/deliciousa-html/assets/images/logo/footer-logo15.png]
[miraclestudio.design/html/deliciousa-html/assets/images/blog/featured/1.jpg]
[miraclestudio.design/html/deliciousa-html/assets/images/blog/featured/2.jpg]
[miraclestudio.design/html/deliciousa-html/assets/images/blog/featured/3.jpg]
[miraclestudio.design/html/deliciousa-html/assets/images/blog/home/1.jpg]
[miraclestudio.design/html/deliciousa-html/assets/images/author/user.png]
[miraclestudio.design/html/deliciousa-html/assets/images/others/add.jpg]
[miraclestudio.design/html/deliciousa-html/assets/images/blog/home/2.jpg]
[miraclestudio.design/html/deliciousa-html/assets/images/blog/home/3.jpg]
[miraclestudio.design/html/deliciousa-html/assets/images/widget/cat/1.jpg]
[miraclestudio.design/html/deliciousa-html/assets/images/widget/cat/2.jpg]
[miraclestudio.design/html/deliciousa-html/assets/images/widget/cat/3.jpg]
[miraclestudio.design/html/deliciousa-html/assets/images/widget/post/share/1.jpg]
[miraclestudio.design/html/deliciousa-html/assets/images/widget/post/share/2.jpg]
[miraclestudio.design/html/deliciousa-html/assets/images/widget/post/share/3.jpg]
[miraclestudio.design/html/deliciousa-html/assets/images/widget/post/share/4.jpg]
[miraclestudio.design/html/deliciousa-html/assets/images/others/cat1.png]
[miraclestudio.design/html/deliciousa-html/assets/images/others/cat2.png]
[miraclestudio.design/html/deliciousa-html/index20.html]
[miraclestudio.design/html/deliciousa-html/assets/images/bg/bg-pattent5.jpg]
[miraclestudio.design/html/deliciousa-html/reservation-v2.html]
[miraclestudio.design/html/deliciousa-html/reservation-v3.html]
[miraclestudio.design/html/deliciousa-html/reservation-v4.html]
[miraclestudio.design/html/deliciousa-html/reservation-v5.html]
[miraclestudio.design/html/deliciousa-html/food-menu-v1.html]
[miraclestudio.design/html/deliciousa-html/food-menu-v2.html]
[miraclestudio.design/html/deliciousa-html/food-menu-v3.html]
[miraclestudio.design/html/deliciousa-html/food-menu-v4.html]
[miraclestudio.design/html/deliciousa-html/assets/images/element/element6.png]
[miraclestudio.design/html/deliciousa-html/food-menu-v5.html]
[miraclestudio.design/html/deliciousa-html/assets/images/foodmenu/menu6/food6.jpg]
[miraclestudio.design/html/deliciousa-html/assets/images/foodmenu/menu6/food7.jpg]
[miraclestudio.design/html/deliciousa-html/assets/images/foodmenu/menu6/food8.jpg]
[miraclestudio.design/html/deliciousa-html/assets/images/foodmenu/menu6/food9.jpg]
[miraclestudio.design/html/deliciousa-html/assets/images/foodmenu/menu6/food10.jpg]
[miraclestudio.design/html/deliciousa-html/assets/images/foodmenu/menu6/food11.jpg]
[miraclestudio.design/html/deliciousa-html/assets/images/foodmenu/menu6/food12.jpg]
[miraclestudio.design/html/deliciousa-html/food-menu-v6.html]
[miraclestudio.design/html/deliciousa-html/assets/images/others/foodmenu-right.png]
[miraclestudio.design/html/deliciousa-html/food-menu-v7.html]
[miraclestudio.design/html/deliciousa-html/assets/images/foodmenu/menu8/food5.png]
[miraclestudio.design/html/deliciousa-html/assets/images/foodmenu/menu8/food6.png]
[miraclestudio.design/html/deliciousa-html/assets/images/foodmenu/menu8/food7.png]
[miraclestudio.design/html/deliciousa-html/assets/images/foodmenu/menu8/food8.png]
[miraclestudio.design/html/deliciousa-html/assets/images/foodmenu/menu8/food9.png]
[miraclestudio.design/html/deliciousa-html/food-menu-v8.html]
[miraclestudio.design/html/deliciousa-html/food-menu-v9.html]
[miraclestudio.design/html/deliciousa-html/food-menu-v10.html]
[miraclestudio.design/html/deliciousa-html/food-menu-v11.html]
[miraclestudio.design/html/deliciousa-html/assets/images/foodmenu/menu12/food1.jpg]
[miraclestudio.design/html/deliciousa-html/assets/images/foodmenu/menu12/food2.jpg]
[miraclestudio.design/html/deliciousa-html/assets/images/foodmenu/menu12/food3.jpg]
[miraclestudio.design/html/deliciousa-html/assets/images/foodmenu/menu12/food4.jpg]
[miraclestudio.design/html/deliciousa-html/assets/images/foodmenu/menu12/food5.jpg]
[miraclestudio.design/html/deliciousa-html/assets/images/foodmenu/menu12/food6.jpg]
[miraclestudio.design/html/deliciousa-html/assets/images/foodmenu/menu12/food7.jpg]
[miraclestudio.design/html/deliciousa-html/assets/images/foodmenu/menu12/food8.jpg]
[miraclestudio.design/html/deliciousa-html/food-menu-v12.html]
[miraclestudio.design/html/deliciousa-html/assets/images/foodmenu/menu13/food1.jpg]
[miraclestudio.design/html/deliciousa-html/assets/images/foodmenu/menu13/food2.jpg]
[miraclestudio.design/html/deliciousa-html/assets/images/foodmenu/menu13/food3.jpg]
[miraclestudio.design/html/deliciousa-html/assets/images/foodmenu/menu13/food4.jpg]
[miraclestudio.design/html/deliciousa-html/assets/images/foodmenu/menu13/food5.jpg]
[miraclestudio.design/html/deliciousa-html/assets/images/foodmenu/menu13/food6.jpg]
[miraclestudio.design/html/deliciousa-html/assets/images/foodmenu/menu13/food7.jpg]
[miraclestudio.design/html/deliciousa-html/assets/images/foodmenu/menu13/food9.jpg]
[miraclestudio.design/html/deliciousa-html/assets/images/foodmenu/menu13/food8.jpg]
[miraclestudio.design/html/deliciousa-html/food-menu-v13.html]
[miraclestudio.design/html/deliciousa-html/assets/images/foodmenu/menu14/food1.jpg]
[miraclestudio.design/html/deliciousa-html/assets/images/foodmenu/menu14/food2.jpg]
[miraclestudio.design/html/deliciousa-html/assets/images/foodmenu/menu14/food3.jpg]
[miraclestudio.design/html/deliciousa-html/assets/images/foodmenu/menu14/food4.jpg]
[miraclestudio.design/html/deliciousa-html/assets/images/foodmenu/menu14/food5.jpg]
[miraclestudio.design/html/deliciousa-html/assets/images/foodmenu/menu14/food6.jpg]
[miraclestudio.design/html/deliciousa-html/assets/images/foodmenu/menu14/food7.jpg]
[miraclestudio.design/html/deliciousa-html/assets/images/foodmenu/menu14/food8.jpg]
[miraclestudio.design/html/deliciousa-html/food-menu-v14.html]
[miraclestudio.design/html/deliciousa-html/assets/images/bg/food-menu-bg4.jpg]
[miraclestudio.design/html/deliciousa-html/assets/images/bg/food-menu-bg5.jpg]
[miraclestudio.design/html/deliciousa-html/assets/images/bg/food-menu-bg6.jpg]
[miraclestudio.design/html/deliciousa-html/assets/images/element/element6.1.png]
[miraclestudio.design/html/deliciousa-html/assets/images/element/element7.png]
[miraclestudio.design/html/deliciousa-html/food-menu-v15.html]
[miraclestudio.design/html/deliciousa-html/assets/images/foodmenu/single/one/food-single1.png]
[miraclestudio.design/html/deliciousa-html/assets/images/foodmenu/single/one/1.png]
[miraclestudio.design/html/deliciousa-html/assets/images/foodmenu/single/one/2.png]
[miraclestudio.design/html/deliciousa-html/assets/images/foodmenu/single/one/3.png]
[miraclestudio.design/html/deliciousa-html/assets/images/foodmenu/related/one/food1.png]
[miraclestudio.design/html/deliciousa-html/assets/images/foodmenu/related/one/food2.png]
[miraclestudio.design/html/deliciousa-html/assets/images/foodmenu/related/one/food3.png]
[miraclestudio.design/html/deliciousa-html/single-food.html]
[miraclestudio.design/html/deliciousa-html/assets/images/foodmenu/single/two/1.png]
[miraclestudio.design/html/deliciousa-html/assets/images/foodmenu/single/two/2.png]
[miraclestudio.design/html/deliciousa-html/assets/images/foodmenu/single/two/3.png]
[miraclestudio.design/html/deliciousa-html/assets/images/foodmenu/single/two/single.png]
[miraclestudio.design/html/deliciousa-html/assets/images/foodmenu/related/two/food1.png]
[miraclestudio.design/html/deliciousa-html/assets/images/foodmenu/related/two/food2.png]
[miraclestudio.design/html/deliciousa-html/assets/images/foodmenu/related/two/food3.png]
[miraclestudio.design/html/deliciousa-html/single-food-v2.html]
[miraclestudio.design/html/deliciousa-html/assets/images/foodmenu/single/three/single.png]
[miraclestudio.design/html/deliciousa-html/assets/images/foodmenu/related/three/food1.png]
[miraclestudio.design/html/deliciousa-html/assets/images/foodmenu/related/three/food2.png]
[miraclestudio.design/html/deliciousa-html/assets/images/foodmenu/related/three/food3.png]
[miraclestudio.design/html/deliciousa-html/single-food-v3.html]
[miraclestudio.design/html/deliciousa-html/assets/images/foodmenu/single/four/food-single1.png]
[miraclestudio.design/html/deliciousa-html/assets/images/foodmenu/single/four/1.png]
[miraclestudio.design/html/deliciousa-html/assets/images/foodmenu/single/four/2.png]
[miraclestudio.design/html/deliciousa-html/assets/images/foodmenu/single/four/3.png]
[miraclestudio.design/html/deliciousa-html/assets/images/icon/payment/1.png]
[miraclestudio.design/html/deliciousa-html/assets/images/icon/payment/2.png]
[miraclestudio.design/html/deliciousa-html/assets/images/icon/payment/3.png]
[miraclestudio.design/html/deliciousa-html/assets/images/icon/payment/4.png]
[miraclestudio.design/html/deliciousa-html/assets/images/icon/payment/5.png]
[miraclestudio.design/html/deliciousa-html/assets/images/icon/payment/6.png]
[miraclestudio.design/html/deliciousa-html/assets/images/foodmenu/related/four/food1.png]
[miraclestudio.design/html/deliciousa-html/assets/images/foodmenu/related/four/food2.png]
[miraclestudio.design/html/deliciousa-html/assets/images/foodmenu/related/four/food3.png]
[miraclestudio.design/html/deliciousa-html/single-food-v4.html]
[miraclestudio.design/html/deliciousa-html/wishlist.html]
[miraclestudio.design/html/deliciousa-html/assets/images/blog/post/1.jpg]
[miraclestudio.design/html/deliciousa-html/assets/images/blog/post/2.jpg]
[miraclestudio.design/html/deliciousa-html/assets/images/blog/post/3.jpg]
[miraclestudio.design/html/deliciousa-html/assets/images/blog/post/4.jpg]
[miraclestudio.design/html/deliciousa-html/assets/images/widget/ads.jpg]
[miraclestudio.design/html/deliciousa-html/blog.html]
[miraclestudio.design/html/deliciousa-html/assets/images/blog/post/grid/4.jpg]
[miraclestudio.design/html/deliciousa-html/assets/images/blog/post/grid/5.jpg]
[miraclestudio.design/html/deliciousa-html/assets/images/blog/post/grid/6.jpg]
[miraclestudio.design/html/deliciousa-html/assets/images/blog/post/grid/7.jpg]
[miraclestudio.design/html/deliciousa-html/assets/images/blog/post/grid/8.jpg]
[miraclestudio.design/html/deliciousa-html/assets/images/blog/post/grid/9.jpg]
[miraclestudio.design/html/deliciousa-html/blog-grid.html]
[miraclestudio.design/html/deliciousa-html/assets/images/blog/post/list/post1.jpg]
[miraclestudio.design/html/deliciousa-html/assets/images/blog/post/list/post2.jpg]
[miraclestudio.design/html/deliciousa-html/assets/images/blog/post/list/post3.jpg]
[miraclestudio.design/html/deliciousa-html/assets/images/blog/post/list/post4.jpg]
[miraclestudio.design/html/deliciousa-html/assets/images/blog/post/list/post5.jpg]
[miraclestudio.design/html/deliciousa-html/assets/images/blog/post/list/post6.jpg]
[miraclestudio.design/html/deliciousa-html/assets/images/blog/post/list/post7.jpg]
[miraclestudio.design/html/deliciousa-html/assets/images/blog/post/list/post8.jpg]
[miraclestudio.design/html/deliciousa-html/blog-list.html]
[miraclestudio.design/html/deliciousa-html/assets/images/blog/post/masonry/1.jpg]
[miraclestudio.design/html/deliciousa-html/assets/images/blog/post/masonry/2.jpg]
[miraclestudio.design/html/deliciousa-html/assets/images/blog/post/masonry/3.jpg]
[miraclestudio.design/html/deliciousa-html/assets/images/blog/post/masonry/4.jpg]
[miraclestudio.design/html/deliciousa-html/assets/images/blog/post/masonry/6.jpg]
[miraclestudio.design/html/deliciousa-html/assets/images/blog/post/masonry/5.jpg]
[miraclestudio.design/html/deliciousa-html/assets/images/blog/post/masonry/7.jpg]
[miraclestudio.design/html/deliciousa-html/assets/images/blog/post/masonry/9.jpg]
[miraclestudio.design/html/deliciousa-html/assets/images/blog/post/masonry/8.jpg]
[miraclestudio.design/html/deliciousa-html/blog-masonry.html]
[miraclestudio.design/html/deliciousa-html/assets/images/blog/single/slngle.jpg]
[miraclestudio.design/html/deliciousa-html/assets/images/author/author.jpg]
[miraclestudio.design/html/deliciousa-html/assets/images/author/author1.jpg]
[miraclestudio.design/html/deliciousa-html/assets/images/author/author2.jpg]
[miraclestudio.design/html/deliciousa-html/assets/images/author/author3.jpg]
[miraclestudio.design/html/deliciousa-html/blog-single.html]
[miraclestudio.design/html/deliciousa-html/assets/images/event/event3.jpg]
[miraclestudio.design/html/deliciousa-html/assets/images/event/event4.jpg]
[miraclestudio.design/html/deliciousa-html/event.html]
[miraclestudio.design/html/deliciousa-html/chef.html]
[miraclestudio.design/html/deliciousa-html/assets/css/fullcalendar.css]
[miraclestudio.design/html/deliciousa-html/assets/js/moment.min.js]
[miraclestudio.design/html/deliciousa-html/event-calendar.html]
[miraclestudio.design/html/deliciousa-html/assets/js/fullcalendar.min.js]
[miraclestudio.design/html/deliciousa-html/assets/images/event/single.jpg]
[miraclestudio.design/html/deliciousa-html/event-single.html]
[miraclestudio.design/html/deliciousa-html/assets/images/chef/single-chef.jpg]
[miraclestudio.design/html/deliciousa-html/single-chef.html]
[miraclestudio.design/html/deliciousa-html/services.html]
[miraclestudio.design/html/deliciousa-html/gallery.html]
[miraclestudio.design/html/deliciousa-html/assets/images/bg/register-bg.jpg]
[miraclestudio.design/html/deliciousa-html/assets/images/bg/register-bg-left.jpg]
[miraclestudio.design/html/deliciousa-html/signin.html]
[miraclestudio.design/html/deliciousa-html/assets/images/bg/coming-soon-bg.jpg]
[miraclestudio.design/html/deliciousa-html/assets/images/logo/coming-logo.png]
[miraclestudio.design/html/deliciousa-html/coming-soon.html]
[miraclestudio.design/html/deliciousa-html/assets/images/bg/error-bg.jpg]
[miraclestudio.design/html/deliciousa-html/404.html]
[miraclestudio.design/html/deliciousa-html/assets/images/bg/promo-bg1.jpg]
[miraclestudio.design/html/deliciousa-html/about_v1.html]
[miraclestudio.design/html/deliciousa-html/about_v2.html]
[miraclestudio.design/html/deliciousa-html/assets/images/bg/bg-pattent4.png]
[miraclestudio.design/html/deliciousa-html/assets/images/others/chef1.png]
[miraclestudio.design/html/deliciousa-html/about_v3.html]
[miraclestudio.design/html/deliciousa-html/about_v4.html]
[miraclestudio.design/html/deliciousa-html/contact.html]
[miraclestudio.design/html/deliciousa-html/assets/css/magnific-popup.css]
[miraclestudio.design/html/deliciousa-html/assets/css/owl.video.play.html]
[miraclestudio.design/html/deliciousa-html/assets/css/swiper.min.css]
[miraclestudio.design/html/deliciousa-html/assets/webfonts/fa-brands-400.html]
[miraclestudio.design/html/deliciousa-html/assets/images/element/element4.png]
[miraclestudio.design/html/deliciousa-html/assets/webfonts/fa-brands-400.woff]
[miraclestudio.design/html/deliciousa-html/assets/webfonts/fa-brands-400.svg]
[miraclestudio.design/html/deliciousa-html/assets/webfonts/fa-regular-400.html]
[miraclestudio.design/html/deliciousa-html/assets/webfonts/fa-regular-400.svg]
[miraclestudio.design/html/deliciousa-html/assets/webfonts/fa-solid-900.html]
[miraclestudio.design/html/deliciousa-html/assets/webfonts/fa-solid-900.svg]
[miraclestudio.design/html/deliciousa-html/assets/webfonts/icomoon3dfa.svg]
[miraclestudio.design/html/deliciousa-html/assets/css/color/color-two.css]
[miraclestudio.design/html/deliciousa-html/signup.html]
[miraclestudio.design/html/deliciousa-html/single-shop.html]
[miraclestudio.design/html/deliciousa-html/assets/css/email-popup.css]
[miraclestudio.design/html/deliciousa-html/assets/css/color/color-one.css]
[miraclestudio.design/html/deliciousa-html/assets/css/color/color-three.css]
[miraclestudio.design/html/deliciousa-html/assets/css/color/color-four.css]
[miraclestudio.design/html/deliciousa-html/assets/css/color/color-five.css]
[miraclestudio.design/html/deliciousa-html/single-post.html]
[miraclestudio.design/html/deliciousa-html/assets/css/color/color-six.css]
[miraclestudio.design/html/deliciousa-html/assets/css/color/color-seven.css]
[miraclestudio.design/html/deliciousa-html/assets/css/color/color-eight.css]
[miraclestudio.design/html/deliciousa-html/assets/css/color/color-nine.css]
[miraclestudio.design/html/deliciousa-html/assets/css/color/color-eleven.css]
[miraclestudio.design/html/deliciousa-html/assets/css/color/color-twelve.css]
[miraclestudio.design/html/deliciousa-html/assets/css/color/color-thirteen.css]
[miraclestudio.design/html/deliciousa-html/department@deliciousa.html]
[miraclestudio.design/html/deliciousa-html/assets/css/color/color-sixteen.css]
[miraclestudio.design/html/deliciousa-html/assets/css/color/color-parallax.css]
[miraclestudio.design/html/deliciousa-html/assets/css/font/ytp-regular.eot]
[miraclestudio.design/html/deliciousa-html/assets/css/jquery.mb.YTPlayer.min.css]
[miraclestudio.design/html/deliciousa-html/assets/css/color/color-blog.css]
[miraclestudio.design/html/deliciousa-html/assets/css/fullcalendar.css]
[miraclestudio.design/html/deliciousa-html/assets/css/font/ytp-regular.html]
[miraclestudio.design/html/deliciousa-html/assets/images/foodmenu/menu12/food9.jpg]
